// Jest Snapshot v1, https://goo.gl/fbAQLP

exports[`testing create function 1`] = `
<addExpensePage
  history={
    Object {
      "push": [Function],
    }
  }
  onSubmit={[Function]}
/>
`;
