// Jest Snapshot v1, https://goo.gl/fbAQLP

exports[`testing Header 1`] = `
<header>
  <h1>
    Cost Explorer
  </h1>
  <NavLink
    activeClassName="is-active"
    ariaCurrent="true"
    exact={true}
    to="/"
  >
     Home 
  </NavLink>
  <NavLink
    activeClassName="is-active"
    ariaCurrent="true"
    to="/create"
  >
     Create New
  </NavLink>
  <NavLink
    activeClassName="is-active"
    ariaCurrent="true"
    to="/edit"
  >
     Edit Existing
  </NavLink>
  <NavLink
    activeClassName="is-active"
    ariaCurrent="true"
    to="/help"
  >
     Help Page
  </NavLink>
</header>
`;
